Filesystem       Size  Used Avail Use% Mounted on
/dev/root        6.8G  2.3G  4.5G  34% /
tmpfs            458M     0  458M   0% /dev/shm
tmpfs            183M  892K  182M   1% /run
tmpfs            5.0M     0  5.0M   0% /run/lock
efivarfs         128K  3.8K  120K   4% /sys/firmware/efi/efivars
/dev/nvme0n1p16  881M   89M  730M  11% /boot
/dev/nvme0n1p15  105M  6.2M   99M   6% /boot/efi
tmpfs             92M   12K   92M   1% /run/user/1000
2
               total        used        free      shared  buff/cache   available
Mem:               0           0           0           0           0           0
Swap:              0           0           0
[?1h=[?25l[H[2J(B[mtop - 14:38:21 up  2:56,  2 users,  load average: 0.00, 0.00, 0.00(B[m[39;49m(B[m[39;49m[K
Tasks:(B[m[39;49m[1m 118 (B[m[39;49mtotal,(B[m[39;49m[1m   1 (B[m[39;49mrunning,(B[m[39;49m[1m 117 (B[m[39;49msleeping,(B[m[39;49m[1m   0 (B[m[39;49mstopped,(B[m[39;49m[1m   0 (B[m[39;49mzombie(B[m[39;49m(B[m[39;49m[K
%Cpu(s):(B[m[39;49m[1m  0.0 (B[m[39;49mus,(B[m[39;49m[1m  0.0 (B[m[39;49msy,(B[m[39;49m[1m  0.0 (B[m[39;49mni,(B[m[39;49m[1m100.0 (B[m[39;49mid,(B[m[39;49m[1m  0.0 (B[m[39;49mwa,(B[m[39;49m[1m  0.0 (B[m[39;49mhi,(B[m[39;49m[1m  0.0 (B[m[39;49msi,(B[m[39;49m[1m  0.0 (B[m[39;49mst(B[m[39;49m(B[m (B[m[39;49m(B[m[39;49m[K
MiB Mem :(B[m[39;49m[1m    914.2 (B[m[39;49mtotal,(B[m[39;49m[1m    148.5 (B[m[39;49mfree,(B[m[39;49m[1m    350.6 (B[m[39;49mused,(B[m[39;49m[1m    577.6 (B[m[39;49mbuff/cache(B[m[39;49m(B[m (B[m[39;49m(B[m    (B[m[39;49m(B[m[39;49m[K
MiB Swap:(B[m[39;49m[1m      0.0 (B[m[39;49mtotal,(B[m[39;49m[1m      0.0 (B[m[39;49mfree,(B[m[39;49m[1m      0.0 (B[m[39;49mused.(B[m[39;49m[1m    563.6 (B[m[39;49mavail Mem (B[m[39;49m(B[m[39;49m[K
[K
[7m    PID USER      PR  NI    VIRT    RES    SHR S  %CPU  %MEM     TIME+ COMMAND  (B[m[39;49m[K
(B[m      1 root      20   0   22712  13984   9652 S   0.0   1.5   0:02.84 systemd  (B[m[39;49m[K
(B[m      2 root      20   0       0      0      0 S   0.0   0.0   0:00.00 kthreadd (B[m[39;49m[K
(B[m      3 root      20   0       0      0      0 S   0.0   0.0   0:00.00 pool_wo+ (B[m[39;49m[K
(B[m      4 root       0 -20       0      0      0 I   0.0   0.0   0:00.00 kworker+ (B[m[39;49m[K
(B[m      5 root       0 -20       0      0      0 I   0.0   0.0   0:00.00 kworker+ (B[m[39;49m[K
(B[m      6 root       0 -20       0      0      0 I   0.0   0.0   0:00.00 kworker+ (B[m[39;49m[K
(B[m      7 root       0 -20       0      0      0 I   0.0   0.0   0:00.00 kworker+ (B[m[39;49m[K
(B[m      8 root       0 -20       0      0      0 I   0.0   0.0   0:00.00 kworker+ (B[m[39;49m[K
(B[m     10 root       0 -20       0      0      0 I   0.0   0.0   0:00.00 kworker+ (B[m[39;49m[K
(B[m     13 root       0 -20       0      0      0 I   0.0   0.0   0:00.00 kworker+ (B[m[39;49m[K
(B[m     14 root      20   0       0      0      0 I   0.0   0.0   0:00.00 rcu_tas+ (B[m[39;49m[K
(B[m     15 root      20   0       0      0      0 I   0.0   0.0   0:00.00 rcu_tas+ (B[m[39;49m[K
(B[m     16 root      20   0       0      0      0 S   0.0   0.0   0:00.03 ksoftir+ (B[m[39;49m[K
(B[m     17 root      20   0       0      0      0 I   0.0   0.0   0:00.25 rcu_sch+ (B[m[39;49m[K
(B[m     18 root      20   0       0      0      0 S   0.0   0.0   0:00.00 rcu_exp+ (B[m[39;49m[K
(B[m     19 root      20   0       0      0      0 S   0.0   0.0   0:00.00 rcu_exp+ (B[m[39;49m[K
(B[m     20 root      rt   0       0      0      0 S   0.0   0.0   0:00.04 migrati+ (B[m[39;49m[K[H(B[mtop - 14:38:24 up  2:56,  2 users,  load average: 0.00, 0.00, 0.00(B[m[39;49m(B[m[39;49m[K

%Cpu(s):(B[m[39;49m[1m  0.2 (B[m[39;49mus,(B[m[39;49m[1m  0.2 (B[m[39;49msy,(B[m[39;49m[1m  0.0 (B[m[39;49mni,(B[m[39;49m[1m 99.7 (B[m[39;49mid,(B[m[39;49m[1m  0.0 (B[m[39;49mwa,(B[m[39;49m[1m  0.0 (B[m[39;49mhi,(B[m[39;49m[1m  0.0 (B[m[39;49msi,(B[m[39;49m[1m  0.0 (B[m[39;49mst(B[m[39;49m(B[m (B[m[39;49m(B[m[39;49m[K


[K

(B[m   2989 ubuntu    20   0   15252   8024   5832 S   0.3   0.9   0:01.27 sshd     (B[m[39;49m[K
(B[m      1 root      20   0   22712  13984   9652 S   0.0   1.5   0:02.84 systemd  (B[m[39;49m[K
(B[m      2 root      20   0       0      0      0 S   0.0   0.0   0:00.00 kthreadd (B[m[39;49m[K
(B[m      3 root      20   0       0      0      0 S   0.0   0.0   0:00.00 pool_wo+ (B[m[39;49m[K
(B[m      4 root       0 -20       0      0      0 I   0.0   0.0   0:00.00 kworker+ (B[m[39;49m[K
(B[m      5 root       0 -20       0      0      0 I   0.0   0.0   0:00.00 kworker+ (B[m[39;49m[K
(B[m      6 root       0 -20       0      0      0 I   0.0   0.0   0:00.00 kworker+ (B[m[39;49m[K
(B[m      7 root       0 -20       0      0      0 I   0.0   0.0   0:00.00 kworker+ (B[m[39;49m[K
(B[m      8 root       0 -20       0      0      0 I   0.0   0.0   0:00.00 kworker+ (B[m[39;49m[K
(B[m     10 root       0 -20       0      0      0 I   0.0   0.0   0:00.00 kworker+ (B[m[39;49m[K
(B[m     13 root       0 -20       0      0      0 I   0.0   0.0   0:00.00 kworker+ (B[m[39;49m[K
(B[m     14 root      20   0       0      0      0 I   0.0   0.0   0:00.00 rcu_tas+ (B[m[39;49m[K
(B[m     15 root      20   0       0      0      0 I   0.0   0.0   0:00.00 rcu_tas+ (B[m[39;49m[K
(B[m     16 root      20   0       0      0      0 S   0.0   0.0   0:00.03 ksoftir+ (B[m[39;49m[K
(B[m     17 root      20   0       0      0      0 I   0.0   0.0   0:00.25 rcu_sch+ (B[m[39;49m[K
(B[m     18 root      20   0       0      0      0 S   0.0   0.0   0:00.00 rcu_exp+ (B[m[39;49m[K
(B[m     19 root      20   0       0      0      0 S   0.0   0.0   0:00.00 rcu_exp+ (B[m[39;49m[K[?25l[HTasks:(B[m[39;49m[1m 118 (B[m[39;49mtotal,(B[m[39;49m[1m   1 (B[m[39;49mrunning,(B[m[39;49m[1m 117 (B[m[39;49msleeping,(B[m[39;49m[1m   0 (B[m[39;49mstopped,(B[m[39;49m[1m   0 (B[m[39;49mzombie(B[m[39;49m(B[m[39;49m[K
%Cpu(s):(B[m[39;49m[1m  0.0 (B[m[39;49mus,(B[m[39;49m[1m  0.0 (B[m[39;49msy,(B[m[39;49m[1m  0.0 (B[m[39;49mni,(B[m[39;49m[1m100.0 (B[m[39;49mid,(B[m[39;49m[1m  0.0 (B[m[39;49mwa,(B[m[39;49m[1m  0.0 (B[m[39;49mhi,(B[m[39;49m[1m  0.0 (B[m[39;49msi,(B[m[39;49m[1m  0.0 (B[m[39;49mst(B[m[39;49m(B[m (B[m[39;49m(B[m[39;49m[K
MiB Mem :(B[m[39;49m[1m    914.2 (B[m[39;49mtotal,(B[m[39;49m[1m    148.5 (B[m[39;49mfree,(B[m[39;49m[1m    350.6 (B[m[39;49mused,(B[m[39;49m[1m    577.6 (B[m[39;49mbuff/cache(B[m[39;49m(B[m (B[m[39;49m(B[m    (B[m[39;49m(B[m[39;49m[K
MiB Swap:(B[m[39;49m[1m      0.0 (B[m[39;49mtotal,(B[m[39;49m[1m      0.0 (B[m[39;49mfree,(B[m[39;49m[1m      0.0 (B[m[39;49mused.(B[m[39;49m[1m    563.6 (B[m[39;49mavail Mem (B[m[39;49m(B[m[39;49m[K
[K
[7m    PID USER      PR  NI    VIRT    RES    SHR S  %CPU  %MEM     TIME+ COMMAND  (B[m[39;49m[K
(B[m   3115 root      20   0       0      0      0 I   0.8   0.0   0:00.01 kworker+ (B[m[39;49m[K
(B[m      1 root      20   0   22712  13984   9652 S   0.0   1.5   0:02.84 systemd  (B[m[39;49m[K
(B[m      2 root      20   0       0      0      0 S   0.0   0.0   0:00.00 kthreadd (B[m[39;49m[K
(B[m      3 root      20   0       0      0      0 S   0.0   0.0   0:00.00 pool_wo+ (B[m[39;49m[K
(B[m      4 root       0 -20       0      0      0 I   0.0   0.0   0:00.00 kworker+ (B[m[39;49m[K
(B[m      5 root       0 -20       0      0      0 I   0.0   0.0   0:00.00 kworker+ (B[m[39;49m[K
(B[m      6 root       0 -20       0      0      0 I   0.0   0.0   0:00.00 kworker+ (B[m[39;49m[K
(B[m      7 root       0 -20       0      0      0 I   0.0   0.0   0:00.00 kworker+ (B[m[39;49m[K
(B[m      8 root       0 -20       0      0      0 I   0.0   0.0   0:00.00 kworker+ (B[m[39;49m[K
(B[m     10 root       0 -20       0      0      0 I   0.0   0.0   0:00.00 kworker+ (B[m[39;49m[K
(B[m     13 root       0 -20       0      0      0 I   0.0   0.0   0:00.00 kworker+ (B[m[39;49m[K
(B[m     14 root      20   0       0      0      0 I   0.0   0.0   0:00.00 rcu_tas+ (B[m[39;49m[K
(B[m     15 root      20   0       0      0      0 I   0.0   0.0   0:00.00 rcu_tas+ (B[m[39;49m[K
(B[m     16 root      20   0       0      0      0 S   0.0   0.0   0:00.03 ksoftir+ (B[m[39;49m[K
(B[m     17 root      20   0       0      0      0 I   0.0   0.0   0:00.25 rcu_sch+ (B[m[39;49m[K
(B[m     18 root      20   0       0      0      0 S   0.0   0.0   0:00.00 rcu_exp+ (B[m[39;49m[K
(B[m     19 root      20   0       0      0      0 S   0.0   0.0   0:00.00 rcu_exp+ (B[m[39;49m[K
(B[m     20 root      rt   0       0      0      0 S   0.0   0.0   0:00.04 migrati+ (B[m[39;49m[K[5;1H[1mChange delay from 3.0 to [?12;25h(B[m[39;49m[K[?12l[?25h[?1l>[25;1H
[?12l[?25h[K